// Jest Snapshot v1, https://goo.gl/fbAQLP

exports[`внешний вид и работа PaginationPage 1`] = `
<div
  className="catalogue page"
>
  <div
    className="products-container"
  >
    <div
      className="product-wrap"
    >
      <h3>
        <a
          aria-current={null}
          className="product-title"
          href="/catalogue/Индустриальные масла/1"
          onClick={[Function]}
          style={undefined}
        >
          AZOLLA ZS 32
        </a>
      </h3>
      <a
        aria-current={null}
        className="product-title product-img-container"
        href="/catalogue/Индустриальные масла/1"
        onClick={[Function]}
        style={undefined}
      >
        <img
          className="product-img"
          src="./img/bochka.jpg"
        />
      </a>
      <p>
        1052.94 руб.
      </p>
      <div
        className="addCart-block"
      >
        <input
          className="addQty_button"
          defaultValue={1}
          min="0"
          step="1"
          title="Кол-во"
          type="number"
        />
        <button
          className="addCart_button"
          onClick={[Function]}
          title="Добавить в корзину"
        >
          <i
            className="fas fa-cart-arrow-down"
          />
        </button>
        <div
          className="invisibleOkButton"
        >
          <i
            className="fas fa-check"
          />
        </div>
      </div>
    </div>
    <div
      className="product-wrap"
    >
      <h3>
        <a
          aria-current={null}
          className="product-title"
          href="/catalogue/Индустриальные масла/2"
          onClick={[Function]}
          style={undefined}
        >
          AZOLLA ZS 32
        </a>
      </h3>
      <a
        aria-current={null}
        className="product-title product-img-container"
        href="/catalogue/Индустриальные масла/2"
        onClick={[Function]}
        style={undefined}
      >
        <img
          className="product-img"
          src="./img/bochka.jpg"
        />
      </a>
      <p>
        1052.94 руб.
      </p>
      <div
        className="addCart-block"
      >
        <input
          className="addQty_button"
          defaultValue={1}
          min="0"
          step="1"
          title="Кол-во"
          type="number"
        />
        <button
          className="addCart_button"
          onClick={[Function]}
          title="Добавить в корзину"
        >
          <i
            className="fas fa-cart-arrow-down"
          />
        </button>
        <div
          className="invisibleOkButton"
        >
          <i
            className="fas fa-check"
          />
        </div>
      </div>
    </div>
  </div>
</div>
`;

exports[`внешний вид и работа PaginationPage 2`] = `
<div
  className="catalogue page"
>
  <div
    className="products-container"
  >
    <div
      className="product-wrap"
    >
      <h3>
        <a
          aria-current={null}
          className="product-title"
          href="/catalogue/Индустриальные масла/1"
          onClick={[Function]}
          style={undefined}
        >
          AZOLLA ZS 32
        </a>
      </h3>
      <a
        aria-current={null}
        className="product-title product-img-container"
        href="/catalogue/Индустриальные масла/1"
        onClick={[Function]}
        style={undefined}
      >
        <img
          className="product-img"
          src="./img/bochka.jpg"
        />
      </a>
      <p>
        1052.94 руб.
      </p>
      <div
        className="addCart-block"
      >
        <input
          className="addQty_button"
          defaultValue={1}
          min="0"
          step="1"
          title="Кол-во"
          type="number"
        />
        <button
          className="addCart_button"
          onClick={[Function]}
          title="Добавить в корзину"
        >
          <i
            className="fas fa-cart-arrow-down"
          />
        </button>
        <div
          className="invisibleOkButton"
        >
          <i
            className="fas fa-check"
          />
        </div>
      </div>
    </div>
    <div
      className="product-wrap"
    >
      <h3>
        <a
          aria-current={null}
          className="product-title"
          href="/catalogue/Индустриальные масла/2"
          onClick={[Function]}
          style={undefined}
        >
          AZOLLA ZS 32
        </a>
      </h3>
      <a
        aria-current={null}
        className="product-title product-img-container"
        href="/catalogue/Индустриальные масла/2"
        onClick={[Function]}
        style={undefined}
      >
        <img
          className="product-img"
          src="./img/bochka.jpg"
        />
      </a>
      <p>
        1052.94 руб.
      </p>
      <div
        className="addCart-block"
      >
        <input
          className="addQty_button"
          defaultValue={1}
          min="0"
          step="1"
          title="Кол-во"
          type="number"
        />
        <button
          className="addCart_button"
          onClick={[Function]}
          title="Добавить в корзину"
        >
          <i
            className="fas fa-cart-arrow-down"
          />
        </button>
        <div
          className="invisibleOkButton"
        >
          <i
            className="fas fa-check"
          />
        </div>
      </div>
    </div>
  </div>
</div>
`;
